// Jest Snapshot v1, https://goo.gl/fbAQLP

exports[`Login page matches snapshot 1`] = `
<DocumentFragment>
  <div
    class="flex justify-center items-center h-screen bg-gray-200 px-6"
  >
    <div
      class="p-6 max-w-sm w-full bg-white shadow-md rounded-md"
    >
      <div
        class="flex justify-center items-center"
      >
        <svg
          class="h-10 w-10"
          fill="none"
          viewBox="0 0 512 512"
          xmlns="http://www.w3.org/2000/svg"
        >
          <path
            d="M364.61 390.213C304.625 450.196 207.37 450.196 147.386 390.213C117.394 360.22 102.398 320.911 102.398 281.6C102.398 242.291 117.394 202.981 147.386 172.989C147.386 230.4 153.6 281.6 230.4 307.2C230.4 256 256 102.4 294.4 76.7999C320 128 334.618 142.997 364.608 172.989C394.601 202.981 409.597 242.291 409.597 281.6C409.597 320.911 394.601 360.22 364.61 390.213Z"
            fill="#4C51BF"
            stroke="#4C51BF"
            stroke-linecap="round"
            stroke-linejoin="round"
            stroke-width="2"
          />
          <path
            d="M201.694 387.105C231.686 417.098 280.312 417.098 310.305 387.105C325.301 372.109 332.8 352.456 332.8 332.8C332.8 313.144 325.301 293.491 310.305 278.495C295.309 263.498 288 256 275.2 230.4C256 243.2 243.201 320 243.201 345.6C201.694 345.6 179.2 332.8 179.2 332.8C179.2 352.456 186.698 372.109 201.694 387.105Z"
            fill="white"
          />
        </svg>
        <div>
          <span
            class="text-gray-900 text-2xl font-semibold"
          >
            Dashboard
          </span>
        </div>
      </div>
      <form
        class="mt-4"
      >
        <label
          class="block"
        >
          <div>
            <span
              class="prose prose-sm"
            >
              Email
            </span>
          </div>
          <input
            class="mt-1 w-full border-gray-300 block rounded-md focus:border-indigo-600 "
            id="email"
            name="email"
            type="email"
          />
          <p
            class="text-red-500 text-xs mt-1 email-error-message-area"
          />
        </label>
        <label
          class="block mt-3"
        >
          <div>
            <span
              class="prose prose-sm"
            >
              Password
            </span>
          </div>
          <input
            class="mt-1 w-full border-gray-300 block rounded-md focus:border-indigo-600 "
            id="password"
            name="password"
            type="password"
          />
          <p
            class="text-red-500 text-xs mt-1 password-error-message-area"
          />
        </label>
        <div
          class="flex justify-between items-center mt-4"
        >
          <div>
            <label
              class="inline-flex items-center"
            >
              <input
                class="form-checkbox text-indigo-600"
                id="rememberMe"
                name="rememberMe"
                type="checkbox"
              />
              <div>
                <span
                  class="prose prose-sm mx-2"
                >
                  Remember me
                </span>
              </div>
            </label>
          </div>
          <div>
            <a
              class="block text-sm fontme text-indigo-700 hover:underline"
              href="#"
            >
              Forgot your password?
            </a>
          </div>
        </div>
        <div
          class="mt-6"
        >
          <button
            class="inline-flex justify-center rounded-md border focus:outline-none focus:ring-2 focus:ring-offset-2 text-white bg-indigo-600 hover:bg-indigo-700 focus:ring-indigo-500 border-transparent primary-button py-2 px-4 text-sm w-full "
          >
            Sign in
          </button>
        </div>
      </form>
    </div>
  </div>
</DocumentFragment>
`;
